Archive member included because of file (symbol)

/Users/steve/pebble-dev/PebbleSDK-2.3/Pebble/lib/libpebble.a(tmpAGzHFdpebble.o)
                              src/strap/strap.c.10.o (accel_data_service_unsubscribe)

Discarded input sections

 .text          0x0000000000000000        0x0 /Users/steve/pebble-dev/PebbleSDK-2.3/arm-cs-tools/bin/../lib/gcc/arm-none-eabi/4.7.2/thumb2/crti.o
 .bss           0x0000000000000000        0x0 /Users/steve/pebble-dev/PebbleSDK-2.3/arm-cs-tools/bin/../lib/gcc/arm-none-eabi/4.7.2/thumb2/crti.o
 .init          0x0000000000000000        0x4 /Users/steve/pebble-dev/PebbleSDK-2.3/arm-cs-tools/bin/../lib/gcc/arm-none-eabi/4.7.2/thumb2/crti.o
 .fini          0x0000000000000000        0x4 /Users/steve/pebble-dev/PebbleSDK-2.3/arm-cs-tools/bin/../lib/gcc/arm-none-eabi/4.7.2/thumb2/crti.o
 .text          0x0000000000000000       0xc8 /Users/steve/pebble-dev/PebbleSDK-2.3/arm-cs-tools/bin/../lib/gcc/arm-none-eabi/4.7.2/thumb2/crtbegin.o
 .bss           0x0000000000000000       0x1c /Users/steve/pebble-dev/PebbleSDK-2.3/arm-cs-tools/bin/../lib/gcc/arm-none-eabi/4.7.2/thumb2/crtbegin.o
 .init_array    0x0000000000000000        0x4 /Users/steve/pebble-dev/PebbleSDK-2.3/arm-cs-tools/bin/../lib/gcc/arm-none-eabi/4.7.2/thumb2/crtbegin.o
 .fini_array    0x0000000000000000        0x4 /Users/steve/pebble-dev/PebbleSDK-2.3/arm-cs-tools/bin/../lib/gcc/arm-none-eabi/4.7.2/thumb2/crtbegin.o
 .eh_frame      0x0000000000000000        0x0 /Users/steve/pebble-dev/PebbleSDK-2.3/arm-cs-tools/bin/../lib/gcc/arm-none-eabi/4.7.2/thumb2/crtbegin.o
 .jcr           0x0000000000000000        0x0 /Users/steve/pebble-dev/PebbleSDK-2.3/arm-cs-tools/bin/../lib/gcc/arm-none-eabi/4.7.2/thumb2/crtbegin.o
 .tm_clone_table
                0x0000000000000000        0x0 /Users/steve/pebble-dev/PebbleSDK-2.3/arm-cs-tools/bin/../lib/gcc/arm-none-eabi/4.7.2/thumb2/crtbegin.o
 .text          0x0000000000000000        0x0 src/ocean-survey-demo.c.10.o
 .bss           0x0000000000000000        0x0 src/ocean-survey-demo.c.10.o
 .text          0x0000000000000000        0x0 src/strap/strap.c.10.o
 .bss           0x0000000000000000        0x0 src/strap/strap.c.10.o
 .text.strap_log_action
                0x0000000000000000        0x4 src/strap/strap.c.10.o
 .text.strap_set_freq
                0x0000000000000000        0xc src/strap/strap.c.10.o
 .text          0x0000000000000000        0x0 appinfo.auto.c.10.o
 .bss           0x0000000000000000        0x0 appinfo.auto.c.10.o
 .bss           0x0000000000000000        0x0 /Users/steve/pebble-dev/PebbleSDK-2.3/Pebble/lib/libpebble.a(tmpAGzHFdpebble.o)
 .text.accel_data_service_subscribe__deprecated
                0x0000000000000000        0xc /Users/steve/pebble-dev/PebbleSDK-2.3/Pebble/lib/libpebble.a(tmpAGzHFdpebble.o)
 .text.accel_service_peek
                0x0000000000000000        0xc /Users/steve/pebble-dev/PebbleSDK-2.3/Pebble/lib/libpebble.a(tmpAGzHFdpebble.o)
 .text.accel_service_set_samples_per_update
                0x0000000000000000        0xc /Users/steve/pebble-dev/PebbleSDK-2.3/Pebble/lib/libpebble.a(tmpAGzHFdpebble.o)
 .text.accel_tap_service_subscribe
                0x0000000000000000        0xc /Users/steve/pebble-dev/PebbleSDK-2.3/Pebble/lib/libpebble.a(tmpAGzHFdpebble.o)
 .text.accel_tap_service_unsubscribe
                0x0000000000000000        0xc /Users/steve/pebble-dev/PebbleSDK-2.3/Pebble/lib/libpebble.a(tmpAGzHFdpebble.o)
 .text.action_bar_layer_clear_icon
                0x0000000000000000        0xc /Users/steve/pebble-dev/PebbleSDK-2.3/Pebble/lib/libpebble.a(tmpAGzHFdpebble.o)
 .text.action_bar_layer_get_layer
                0x0000000000000000        0xc /Users/steve/pebble-dev/PebbleSDK-2.3/Pebble/lib/libpebble.a(tmpAGzHFdpebble.o)
 .text.action_bar_layer_remove_from_window
                0x0000000000000000        0xc /Users/steve/pebble-dev/PebbleSDK-2.3/Pebble/lib/libpebble.a(tmpAGzHFdpebble.o)
 .text.action_bar_layer_set_background_color
                0x0000000000000000        0xc /Users/steve/pebble-dev/PebbleSDK-2.3/Pebble/lib/libpebble.a(tmpAGzHFdpebble.o)
 .text.action_bar_layer_set_context
                0x0000000000000000        0xc /Users/steve/pebble-dev/PebbleSDK-2.3/Pebble/lib/libpebble.a(tmpAGzHFdpebble.o)
 .text.animation_create
                0x0000000000000000        0xc /Users/steve/pebble-dev/PebbleSDK-2.3/Pebble/lib/libpebble.a(tmpAGzHFdpebble.o)
 .text.animation_destroy
                0x0000000000000000        0xc /Users/steve/pebble-dev/PebbleSDK-2.3/Pebble/lib/libpebble.a(tmpAGzHFdpebble.o)
 .text.animation_get_context
                0x0000000000000000        0xc /Users/steve/pebble-dev/PebbleSDK-2.3/Pebble/lib/libpebble.a(tmpAGzHFdpebble.o)
 .text.animation_is_scheduled
                0x0000000000000000        0xc /Users/steve/pebble-dev/PebbleSDK-2.3/Pebble/lib/libpebble.a(tmpAGzHFdpebble.o)
 .text.animation_schedule
                0x0000000000000000        0xc /Users/steve/pebble-dev/PebbleSDK-2.3/Pebble/lib/libpebble.a(tmpAGzHFdpebble.o)
 .text.animation_set_curve
                0x0000000000000000        0xc /Users/steve/pebble-dev/PebbleSDK-2.3/Pebble/lib/libpebble.a(tmpAGzHFdpebble.o)
 .text.animation_set_delay
                0x0000000000000000        0xc /Users/steve/pebble-dev/PebbleSDK-2.3/Pebble/lib/libpebble.a(tmpAGzHFdpebble.o)
 .text.animation_set_duration
                0x0000000000000000        0xc /Users/steve/pebble-dev/PebbleSDK-2.3/Pebble/lib/libpebble.a(tmpAGzHFdpebble.o)
 .text.animation_set_handlers
                0x0000000000000000        0xc /Users/steve/pebble-dev/PebbleSDK-2.3/Pebble/lib/libpebble.a(tmpAGzHFdpebble.o)
 .text.animation_set_implementation
                0x0000000000000000        0xc /Users/steve/pebble-dev/PebbleSDK-2.3/Pebble/lib/libpebble.a(tmpAGzHFdpebble.o)
 .text.animation_unschedule
                0x0000000000000000        0xc /Users/steve/pebble-dev/PebbleSDK-2.3/Pebble/lib/libpebble.a(tmpAGzHFdpebble.o)
 .text.animation_unschedule_all
                0x0000000000000000        0xc /Users/steve/pebble-dev/PebbleSDK-2.3/Pebble/lib/libpebble.a(tmpAGzHFdpebble.o)
 .text.app_comm_get_sniff_interval
                0x0000000000000000        0xc /Users/steve/pebble-dev/PebbleSDK-2.3/Pebble/lib/libpebble.a(tmpAGzHFdpebble.o)
 .text.app_comm_set_sniff_interval
                0x0000000000000000        0xc /Users/steve/pebble-dev/PebbleSDK-2.3/Pebble/lib/libpebble.a(tmpAGzHFdpebble.o)
 .text.app_log  0x0000000000000000        0xc /Users/steve/pebble-dev/PebbleSDK-2.3/Pebble/lib/libpebble.a(tmpAGzHFdpebble.o)
 .text.app_message_deregister_callbacks
                0x0000000000000000        0xc /Users/steve/pebble-dev/PebbleSDK-2.3/Pebble/lib/libpebble.a(tmpAGzHFdpebble.o)
 .text.app_message_open
                0x0000000000000000        0xc /Users/steve/pebble-dev/PebbleSDK-2.3/Pebble/lib/libpebble.a(tmpAGzHFdpebble.o)
 .text.app_sync_deinit
                0x0000000000000000        0xc /Users/steve/pebble-dev/PebbleSDK-2.3/Pebble/lib/libpebble.a(tmpAGzHFdpebble.o)
 .text.app_sync_get
                0x0000000000000000        0xc /Users/steve/pebble-dev/PebbleSDK-2.3/Pebble/lib/libpebble.a(tmpAGzHFdpebble.o)
 .text.app_sync_init
                0x0000000000000000        0xc /Users/steve/pebble-dev/PebbleSDK-2.3/Pebble/lib/libpebble.a(tmpAGzHFdpebble.o)
 .text.app_sync_set
                0x0000000000000000        0xc /Users/steve/pebble-dev/PebbleSDK-2.3/Pebble/lib/libpebble.a(tmpAGzHFdpebble.o)
 .text.atan2_lookup
                0x0000000000000000        0xc /Users/steve/pebble-dev/PebbleSDK-2.3/Pebble/lib/libpebble.a(tmpAGzHFdpebble.o)
 .text.atoi     0x0000000000000000        0xc /Users/steve/pebble-dev/PebbleSDK-2.3/Pebble/lib/libpebble.a(tmpAGzHFdpebble.o)
 .text.atol     0x0000000000000000        0xc /Users/steve/pebble-dev/PebbleSDK-2.3/Pebble/lib/libpebble.a(tmpAGzHFdpebble.o)
 .text.battery_state_service_subscribe
                0x0000000000000000        0xc /Users/steve/pebble-dev/PebbleSDK-2.3/Pebble/lib/libpebble.a(tmpAGzHFdpebble.o)
 .text.battery_state_service_unsubscribe
                0x0000000000000000        0xc /Users/steve/pebble-dev/PebbleSDK-2.3/Pebble/lib/libpebble.a(tmpAGzHFdpebble.o)
 .text.bitmap_layer_create
                0x0000000000000000        0xc /Users/steve/pebble-dev/PebbleSDK-2.3/Pebble/lib/libpebble.a(tmpAGzHFdpebble.o)
 .text.bitmap_layer_destroy
                0x0000000000000000        0xc /Users/steve/pebble-dev/PebbleSDK-2.3/Pebble/lib/libpebble.a(tmpAGzHFdpebble.o)
 .text.bitmap_layer_get_layer
                0x0000000000000000        0xc /Users/steve/pebble-dev/PebbleSDK-2.3/Pebble/lib/libpebble.a(tmpAGzHFdpebble.o)
 .text.bitmap_layer_set_alignment
                0x0000000000000000        0xc /Users/steve/pebble-dev/PebbleSDK-2.3/Pebble/lib/libpebble.a(tmpAGzHFdpebble.o)
 .text.bitmap_layer_set_background_color
                0x0000000000000000        0xc /Users/steve/pebble-dev/PebbleSDK-2.3/Pebble/lib/libpebble.a(tmpAGzHFdpebble.o)
 .text.bitmap_layer_set_bitmap
                0x0000000000000000        0xc /Users/steve/pebble-dev/PebbleSDK-2.3/Pebble/lib/libpebble.a(tmpAGzHFdpebble.o)
 .text.bitmap_layer_set_compositing_mode
                0x0000000000000000        0xc /Users/steve/pebble-dev/PebbleSDK-2.3/Pebble/lib/libpebble.a(tmpAGzHFdpebble.o)
 .text.bluetooth_connection_service_subscribe
                0x0000000000000000        0xc /Users/steve/pebble-dev/PebbleSDK-2.3/Pebble/lib/libpebble.a(tmpAGzHFdpebble.o)
 .text.bluetooth_connection_service_unsubscribe
                0x0000000000000000        0xc /Users/steve/pebble-dev/PebbleSDK-2.3/Pebble/lib/libpebble.a(tmpAGzHFdpebble.o)
 .text.click_number_of_clicks_counted
                0x0000000000000000        0xc /Users/steve/pebble-dev/PebbleSDK-2.3/Pebble/lib/libpebble.a(tmpAGzHFdpebble.o)
 .text.click_recognizer_get_button_id
                0x0000000000000000        0xc /Users/steve/pebble-dev/PebbleSDK-2.3/Pebble/lib/libpebble.a(tmpAGzHFdpebble.o)
 .text.clock_copy_time_string
                0x0000000000000000        0xc /Users/steve/pebble-dev/PebbleSDK-2.3/Pebble/lib/libpebble.a(tmpAGzHFdpebble.o)
 .text.clock_is_24h_style
                0x0000000000000000        0xc /Users/steve/pebble-dev/PebbleSDK-2.3/Pebble/lib/libpebble.a(tmpAGzHFdpebble.o)
 .text.cos_lookup
                0x0000000000000000        0xc /Users/steve/pebble-dev/PebbleSDK-2.3/Pebble/lib/libpebble.a(tmpAGzHFdpebble.o)
 .text.dict_calc_buffer_size
                0x0000000000000000        0xc /Users/steve/pebble-dev/PebbleSDK-2.3/Pebble/lib/libpebble.a(tmpAGzHFdpebble.o)
 .text.dict_calc_buffer_size_from_tuplets
                0x0000000000000000        0xc /Users/steve/pebble-dev/PebbleSDK-2.3/Pebble/lib/libpebble.a(tmpAGzHFdpebble.o)
 .text.dict_find
                0x0000000000000000        0xc /Users/steve/pebble-dev/PebbleSDK-2.3/Pebble/lib/libpebble.a(tmpAGzHFdpebble.o)
 .text.dict_merge
                0x0000000000000000        0xc /Users/steve/pebble-dev/PebbleSDK-2.3/Pebble/lib/libpebble.a(tmpAGzHFdpebble.o)
 .text.dict_read_begin_from_buffer
                0x0000000000000000        0xc /Users/steve/pebble-dev/PebbleSDK-2.3/Pebble/lib/libpebble.a(tmpAGzHFdpebble.o)
 .text.dict_read_first
                0x0000000000000000        0xc /Users/steve/pebble-dev/PebbleSDK-2.3/Pebble/lib/libpebble.a(tmpAGzHFdpebble.o)
 .text.dict_read_next
                0x0000000000000000        0xc /Users/steve/pebble-dev/PebbleSDK-2.3/Pebble/lib/libpebble.a(tmpAGzHFdpebble.o)
 .text.dict_serialize_tuplets
                0x0000000000000000        0xc /Users/steve/pebble-dev/PebbleSDK-2.3/Pebble/lib/libpebble.a(tmpAGzHFdpebble.o)
 .text.dict_serialize_tuplets_to_buffer__deprecated
                0x0000000000000000        0xc /Users/steve/pebble-dev/PebbleSDK-2.3/Pebble/lib/libpebble.a(tmpAGzHFdpebble.o)
 .text.dict_serialize_tuplets_to_buffer_with_iter
                0x0000000000000000        0xc /Users/steve/pebble-dev/PebbleSDK-2.3/Pebble/lib/libpebble.a(tmpAGzHFdpebble.o)
 .text.dict_write_begin
                0x0000000000000000        0xc /Users/steve/pebble-dev/PebbleSDK-2.3/Pebble/lib/libpebble.a(tmpAGzHFdpebble.o)
 .text.dict_write_cstring
                0x0000000000000000        0xc /Users/steve/pebble-dev/PebbleSDK-2.3/Pebble/lib/libpebble.a(tmpAGzHFdpebble.o)
 .text.dict_write_data
                0x0000000000000000        0xc /Users/steve/pebble-dev/PebbleSDK-2.3/Pebble/lib/libpebble.a(tmpAGzHFdpebble.o)
 .text.dict_write_int
                0x0000000000000000        0xc /Users/steve/pebble-dev/PebbleSDK-2.3/Pebble/lib/libpebble.a(tmpAGzHFdpebble.o)
 .text.dict_write_int16
                0x0000000000000000        0xc /Users/steve/pebble-dev/PebbleSDK-2.3/Pebble/lib/libpebble.a(tmpAGzHFdpebble.o)
 .text.dict_write_int32
                0x0000000000000000        0xc /Users/steve/pebble-dev/PebbleSDK-2.3/Pebble/lib/libpebble.a(tmpAGzHFdpebble.o)
 .text.dict_write_int8
                0x0000000000000000        0xc /Users/steve/pebble-dev/PebbleSDK-2.3/Pebble/lib/libpebble.a(tmpAGzHFdpebble.o)
 .text.dict_write_uint16
                0x0000000000000000        0xc /Users/steve/pebble-dev/PebbleSDK-2.3/Pebble/lib/libpebble.a(tmpAGzHFdpebble.o)
 .text.dict_write_uint32
                0x0000000000000000        0xc /Users/steve/pebble-dev/PebbleSDK-2.3/Pebble/lib/libpebble.a(tmpAGzHFdpebble.o)
 .text.dict_write_uint8
                0x0000000000000000        0xc /Users/steve/pebble-dev/PebbleSDK-2.3/Pebble/lib/libpebble.a(tmpAGzHFdpebble.o)
 .text.fonts_load_custom_font
                0x0000000000000000        0xc /Users/steve/pebble-dev/PebbleSDK-2.3/Pebble/lib/libpebble.a(tmpAGzHFdpebble.o)
 .text.fonts_unload_custom_font
                0x0000000000000000        0xc /Users/steve/pebble-dev/PebbleSDK-2.3/Pebble/lib/libpebble.a(tmpAGzHFdpebble.o)
 .text.free     0x0000000000000000        0xc /Users/steve/pebble-dev/PebbleSDK-2.3/Pebble/lib/libpebble.a(tmpAGzHFdpebble.o)
 .text.gbitmap_create_as_sub_bitmap
                0x0000000000000000        0xc /Users/steve/pebble-dev/PebbleSDK-2.3/Pebble/lib/libpebble.a(tmpAGzHFdpebble.o)
 .text.gbitmap_create_with_data
                0x0000000000000000        0xc /Users/steve/pebble-dev/PebbleSDK-2.3/Pebble/lib/libpebble.a(tmpAGzHFdpebble.o)
 .text.gmtime   0x0000000000000000        0xc /Users/steve/pebble-dev/PebbleSDK-2.3/Pebble/lib/libpebble.a(tmpAGzHFdpebble.o)
 .text.gpath_create
                0x0000000000000000        0xc /Users/steve/pebble-dev/PebbleSDK-2.3/Pebble/lib/libpebble.a(tmpAGzHFdpebble.o)
 .text.gpath_destroy
                0x0000000000000000        0xc /Users/steve/pebble-dev/PebbleSDK-2.3/Pebble/lib/libpebble.a(tmpAGzHFdpebble.o)
 .text.gpath_draw_filled
                0x0000000000000000        0xc /Users/steve/pebble-dev/PebbleSDK-2.3/Pebble/lib/libpebble.a(tmpAGzHFdpebble.o)
 .text.gpath_draw_outline
                0x0000000000000000        0xc /Users/steve/pebble-dev/PebbleSDK-2.3/Pebble/lib/libpebble.a(tmpAGzHFdpebble.o)
 .text.gpath_move_to
                0x0000000000000000        0xc /Users/steve/pebble-dev/PebbleSDK-2.3/Pebble/lib/libpebble.a(tmpAGzHFdpebble.o)
 .text.gpath_rotate_to
                0x0000000000000000        0xc /Users/steve/pebble-dev/PebbleSDK-2.3/Pebble/lib/libpebble.a(tmpAGzHFdpebble.o)
 .text.gpoint_equal
                0x0000000000000000        0xc /Users/steve/pebble-dev/PebbleSDK-2.3/Pebble/lib/libpebble.a(tmpAGzHFdpebble.o)
 .text.graphics_context_set_compositing_mode
                0x0000000000000000        0xc /Users/steve/pebble-dev/PebbleSDK-2.3/Pebble/lib/libpebble.a(tmpAGzHFdpebble.o)
 .text.graphics_context_set_fill_color
                0x0000000000000000        0xc /Users/steve/pebble-dev/PebbleSDK-2.3/Pebble/lib/libpebble.a(tmpAGzHFdpebble.o)
 .text.graphics_context_set_stroke_color
                0x0000000000000000        0xc /Users/steve/pebble-dev/PebbleSDK-2.3/Pebble/lib/libpebble.a(tmpAGzHFdpebble.o)
 .text.graphics_context_set_text_color
                0x0000000000000000        0xc /Users/steve/pebble-dev/PebbleSDK-2.3/Pebble/lib/libpebble.a(tmpAGzHFdpebble.o)
 .text.graphics_draw_bitmap_in_rect
                0x0000000000000000        0xc /Users/steve/pebble-dev/PebbleSDK-2.3/Pebble/lib/libpebble.a(tmpAGzHFdpebble.o)
 .text.graphics_draw_circle
                0x0000000000000000        0xc /Users/steve/pebble-dev/PebbleSDK-2.3/Pebble/lib/libpebble.a(tmpAGzHFdpebble.o)
 .text.graphics_draw_line
                0x0000000000000000        0xc /Users/steve/pebble-dev/PebbleSDK-2.3/Pebble/lib/libpebble.a(tmpAGzHFdpebble.o)
 .text.graphics_draw_pixel
                0x0000000000000000        0xc /Users/steve/pebble-dev/PebbleSDK-2.3/Pebble/lib/libpebble.a(tmpAGzHFdpebble.o)
 .text.graphics_draw_rect
                0x0000000000000000        0xc /Users/steve/pebble-dev/PebbleSDK-2.3/Pebble/lib/libpebble.a(tmpAGzHFdpebble.o)
 .text.graphics_draw_round_rect
                0x0000000000000000        0xc /Users/steve/pebble-dev/PebbleSDK-2.3/Pebble/lib/libpebble.a(tmpAGzHFdpebble.o)
 .text.graphics_fill_circle
                0x0000000000000000        0xc /Users/steve/pebble-dev/PebbleSDK-2.3/Pebble/lib/libpebble.a(tmpAGzHFdpebble.o)
 .text.graphics_fill_rect
                0x0000000000000000        0xc /Users/steve/pebble-dev/PebbleSDK-2.3/Pebble/lib/libpebble.a(tmpAGzHFdpebble.o)
 .text.graphics_text_layout_get_max_used_size
                0x0000000000000000        0xc /Users/steve/pebble-dev/PebbleSDK-2.3/Pebble/lib/libpebble.a(tmpAGzHFdpebble.o)
 .text.grect_align
                0x0000000000000000        0xc /Users/steve/pebble-dev/PebbleSDK-2.3/Pebble/lib/libpebble.a(tmpAGzHFdpebble.o)
 .text.grect_center_point
                0x0000000000000000        0xc /Users/steve/pebble-dev/PebbleSDK-2.3/Pebble/lib/libpebble.a(tmpAGzHFdpebble.o)
 .text.grect_clip
                0x0000000000000000        0xc /Users/steve/pebble-dev/PebbleSDK-2.3/Pebble/lib/libpebble.a(tmpAGzHFdpebble.o)
 .text.grect_contains_point
                0x0000000000000000        0xc /Users/steve/pebble-dev/PebbleSDK-2.3/Pebble/lib/libpebble.a(tmpAGzHFdpebble.o)
 .text.grect_crop
                0x0000000000000000        0xc /Users/steve/pebble-dev/PebbleSDK-2.3/Pebble/lib/libpebble.a(tmpAGzHFdpebble.o)
 .text.grect_equal
                0x0000000000000000        0xc /Users/steve/pebble-dev/PebbleSDK-2.3/Pebble/lib/libpebble.a(tmpAGzHFdpebble.o)
 .text.grect_is_empty
                0x0000000000000000        0xc /Users/steve/pebble-dev/PebbleSDK-2.3/Pebble/lib/libpebble.a(tmpAGzHFdpebble.o)
 .text.grect_standardize
                0x0000000000000000        0xc /Users/steve/pebble-dev/PebbleSDK-2.3/Pebble/lib/libpebble.a(tmpAGzHFdpebble.o)
 .text.gsize_equal
                0x0000000000000000        0xc /Users/steve/pebble-dev/PebbleSDK-2.3/Pebble/lib/libpebble.a(tmpAGzHFdpebble.o)
 .text.inverter_layer_create
                0x0000000000000000        0xc /Users/steve/pebble-dev/PebbleSDK-2.3/Pebble/lib/libpebble.a(tmpAGzHFdpebble.o)
 .text.inverter_layer_destroy
                0x0000000000000000        0xc /Users/steve/pebble-dev/PebbleSDK-2.3/Pebble/lib/libpebble.a(tmpAGzHFdpebble.o)
 .text.inverter_layer_get_layer
                0x0000000000000000        0xc /Users/steve/pebble-dev/PebbleSDK-2.3/Pebble/lib/libpebble.a(tmpAGzHFdpebble.o)
 .text.layer_create
                0x0000000000000000        0xc /Users/steve/pebble-dev/PebbleSDK-2.3/Pebble/lib/libpebble.a(tmpAGzHFdpebble.o)
 .text.layer_create_with_data
                0x0000000000000000        0xc /Users/steve/pebble-dev/PebbleSDK-2.3/Pebble/lib/libpebble.a(tmpAGzHFdpebble.o)
 .text.layer_destroy
                0x0000000000000000        0xc /Users/steve/pebble-dev/PebbleSDK-2.3/Pebble/lib/libpebble.a(tmpAGzHFdpebble.o)
 .text.layer_get_bounds
                0x0000000000000000        0xc /Users/steve/pebble-dev/PebbleSDK-2.3/Pebble/lib/libpebble.a(tmpAGzHFdpebble.o)
 .text.layer_get_clips
                0x0000000000000000        0xc /Users/steve/pebble-dev/PebbleSDK-2.3/Pebble/lib/libpebble.a(tmpAGzHFdpebble.o)
 .text.layer_get_data
                0x0000000000000000        0xc /Users/steve/pebble-dev/PebbleSDK-2.3/Pebble/lib/libpebble.a(tmpAGzHFdpebble.o)
 .text.layer_get_frame
                0x0000000000000000        0xc /Users/steve/pebble-dev/PebbleSDK-2.3/Pebble/lib/libpebble.a(tmpAGzHFdpebble.o)
 .text.layer_get_hidden
                0x0000000000000000        0xc /Users/steve/pebble-dev/PebbleSDK-2.3/Pebble/lib/libpebble.a(tmpAGzHFdpebble.o)
 .text.layer_get_window
                0x0000000000000000        0xc /Users/steve/pebble-dev/PebbleSDK-2.3/Pebble/lib/libpebble.a(tmpAGzHFdpebble.o)
 .text.layer_insert_above_sibling
                0x0000000000000000        0xc /Users/steve/pebble-dev/PebbleSDK-2.3/Pebble/lib/libpebble.a(tmpAGzHFdpebble.o)
 .text.layer_insert_below_sibling
                0x0000000000000000        0xc /Users/steve/pebble-dev/PebbleSDK-2.3/Pebble/lib/libpebble.a(tmpAGzHFdpebble.o)
 .text.layer_mark_dirty
                0x0000000000000000        0xc /Users/steve/pebble-dev/PebbleSDK-2.3/Pebble/lib/libpebble.a(tmpAGzHFdpebble.o)
 .text.layer_remove_child_layers
                0x0000000000000000        0xc /Users/steve/pebble-dev/PebbleSDK-2.3/Pebble/lib/libpebble.a(tmpAGzHFdpebble.o)
 .text.layer_remove_from_parent
                0x0000000000000000        0xc /Users/steve/pebble-dev/PebbleSDK-2.3/Pebble/lib/libpebble.a(tmpAGzHFdpebble.o)
 .text.layer_set_bounds
                0x0000000000000000        0xc /Users/steve/pebble-dev/PebbleSDK-2.3/Pebble/lib/libpebble.a(tmpAGzHFdpebble.o)
 .text.layer_set_clips
                0x0000000000000000        0xc /Users/steve/pebble-dev/PebbleSDK-2.3/Pebble/lib/libpebble.a(tmpAGzHFdpebble.o)
 .text.layer_set_frame
                0x0000000000000000        0xc /Users/steve/pebble-dev/PebbleSDK-2.3/Pebble/lib/libpebble.a(tmpAGzHFdpebble.o)
 .text.layer_set_hidden
                0x0000000000000000        0xc /Users/steve/pebble-dev/PebbleSDK-2.3/Pebble/lib/libpebble.a(tmpAGzHFdpebble.o)
 .text.layer_set_update_proc
                0x0000000000000000        0xc /Users/steve/pebble-dev/PebbleSDK-2.3/Pebble/lib/libpebble.a(tmpAGzHFdpebble.o)
 .text.light_enable
                0x0000000000000000        0xc /Users/steve/pebble-dev/PebbleSDK-2.3/Pebble/lib/libpebble.a(tmpAGzHFdpebble.o)
 .text.light_enable_interaction
                0x0000000000000000        0xc /Users/steve/pebble-dev/PebbleSDK-2.3/Pebble/lib/libpebble.a(tmpAGzHFdpebble.o)
 .text.localtime
                0x0000000000000000        0xc /Users/steve/pebble-dev/PebbleSDK-2.3/Pebble/lib/libpebble.a(tmpAGzHFdpebble.o)
 .text.malloc   0x0000000000000000        0xc /Users/steve/pebble-dev/PebbleSDK-2.3/Pebble/lib/libpebble.a(tmpAGzHFdpebble.o)
 .text.memcpy   0x0000000000000000        0xc /Users/steve/pebble-dev/PebbleSDK-2.3/Pebble/lib/libpebble.a(tmpAGzHFdpebble.o)
 .text.memmove  0x0000000000000000        0xc /Users/steve/pebble-dev/PebbleSDK-2.3/Pebble/lib/libpebble.a(tmpAGzHFdpebble.o)
 .text.menu_cell_basic_draw
                0x0000000000000000        0xc /Users/steve/pebble-dev/PebbleSDK-2.3/Pebble/lib/libpebble.a(tmpAGzHFdpebble.o)
 .text.menu_cell_basic_header_draw
                0x0000000000000000        0xc /Users/steve/pebble-dev/PebbleSDK-2.3/Pebble/lib/libpebble.a(tmpAGzHFdpebble.o)
 .text.menu_cell_title_draw
                0x0000000000000000        0xc /Users/steve/pebble-dev/PebbleSDK-2.3/Pebble/lib/libpebble.a(tmpAGzHFdpebble.o)
 .text.menu_index_compare
                0x0000000000000000        0xc /Users/steve/pebble-dev/PebbleSDK-2.3/Pebble/lib/libpebble.a(tmpAGzHFdpebble.o)
 .text.menu_layer_create
                0x0000000000000000        0xc /Users/steve/pebble-dev/PebbleSDK-2.3/Pebble/lib/libpebble.a(tmpAGzHFdpebble.o)
 .text.menu_layer_destroy
                0x0000000000000000        0xc /Users/steve/pebble-dev/PebbleSDK-2.3/Pebble/lib/libpebble.a(tmpAGzHFdpebble.o)
 .text.menu_layer_get_layer
                0x0000000000000000        0xc /Users/steve/pebble-dev/PebbleSDK-2.3/Pebble/lib/libpebble.a(tmpAGzHFdpebble.o)
 .text.menu_layer_get_scroll_layer
                0x0000000000000000        0xc /Users/steve/pebble-dev/PebbleSDK-2.3/Pebble/lib/libpebble.a(tmpAGzHFdpebble.o)
 .text.menu_layer_get_selected_index
                0x0000000000000000        0xc /Users/steve/pebble-dev/PebbleSDK-2.3/Pebble/lib/libpebble.a(tmpAGzHFdpebble.o)
 .text.menu_layer_reload_data
                0x0000000000000000        0xc /Users/steve/pebble-dev/PebbleSDK-2.3/Pebble/lib/libpebble.a(tmpAGzHFdpebble.o)
 .text.menu_layer_set_callbacks__deprecated
                0x0000000000000000        0xc /Users/steve/pebble-dev/PebbleSDK-2.3/Pebble/lib/libpebble.a(tmpAGzHFdpebble.o)
 .text.menu_layer_set_click_config_onto_window
                0x0000000000000000        0xc /Users/steve/pebble-dev/PebbleSDK-2.3/Pebble/lib/libpebble.a(tmpAGzHFdpebble.o)
 .text.menu_layer_set_selected_index
                0x0000000000000000        0xc /Users/steve/pebble-dev/PebbleSDK-2.3/Pebble/lib/libpebble.a(tmpAGzHFdpebble.o)
 .text.menu_layer_set_selected_next
                0x0000000000000000        0xc /Users/steve/pebble-dev/PebbleSDK-2.3/Pebble/lib/libpebble.a(tmpAGzHFdpebble.o)
 .text.number_window_create
                0x0000000000000000        0xc /Users/steve/pebble-dev/PebbleSDK-2.3/Pebble/lib/libpebble.a(tmpAGzHFdpebble.o)
 .text.number_window_destroy
                0x0000000000000000        0xc /Users/steve/pebble-dev/PebbleSDK-2.3/Pebble/lib/libpebble.a(tmpAGzHFdpebble.o)
 .text.number_window_get_value
                0x0000000000000000        0xc /Users/steve/pebble-dev/PebbleSDK-2.3/Pebble/lib/libpebble.a(tmpAGzHFdpebble.o)
 .text.number_window_set_label
                0x0000000000000000        0xc /Users/steve/pebble-dev/PebbleSDK-2.3/Pebble/lib/libpebble.a(tmpAGzHFdpebble.o)
 .text.number_window_set_max
                0x0000000000000000        0xc /Users/steve/pebble-dev/PebbleSDK-2.3/Pebble/lib/libpebble.a(tmpAGzHFdpebble.o)
 .text.number_window_set_min
                0x0000000000000000        0xc /Users/steve/pebble-dev/PebbleSDK-2.3/Pebble/lib/libpebble.a(tmpAGzHFdpebble.o)
 .text.number_window_set_step_size
                0x0000000000000000        0xc /Users/steve/pebble-dev/PebbleSDK-2.3/Pebble/lib/libpebble.a(tmpAGzHFdpebble.o)
 .text.number_window_set_value
                0x0000000000000000        0xc /Users/steve/pebble-dev/PebbleSDK-2.3/Pebble/lib/libpebble.a(tmpAGzHFdpebble.o)
 .text.persist_delete
                0x0000000000000000        0xc /Users/steve/pebble-dev/PebbleSDK-2.3/Pebble/lib/libpebble.a(tmpAGzHFdpebble.o)
 .text.persist_exists
                0x0000000000000000        0xc /Users/steve/pebble-dev/PebbleSDK-2.3/Pebble/lib/libpebble.a(tmpAGzHFdpebble.o)
 .text.persist_get_size
                0x0000000000000000        0xc /Users/steve/pebble-dev/PebbleSDK-2.3/Pebble/lib/libpebble.a(tmpAGzHFdpebble.o)
 .text.persist_read_bool
                0x0000000000000000        0xc /Users/steve/pebble-dev/PebbleSDK-2.3/Pebble/lib/libpebble.a(tmpAGzHFdpebble.o)
 .text.persist_read_data__deprecated
                0x0000000000000000        0xc /Users/steve/pebble-dev/PebbleSDK-2.3/Pebble/lib/libpebble.a(tmpAGzHFdpebble.o)
 .text.persist_read_int
                0x0000000000000000        0xc /Users/steve/pebble-dev/PebbleSDK-2.3/Pebble/lib/libpebble.a(tmpAGzHFdpebble.o)
 .text.persist_read_string__deprecated
                0x0000000000000000        0xc /Users/steve/pebble-dev/PebbleSDK-2.3/Pebble/lib/libpebble.a(tmpAGzHFdpebble.o)
 .text.persist_write_bool
                0x0000000000000000        0xc /Users/steve/pebble-dev/PebbleSDK-2.3/Pebble/lib/libpebble.a(tmpAGzHFdpebble.o)
 .text.persist_write_data__deprecated
                0x0000000000000000        0xc /Users/steve/pebble-dev/PebbleSDK-2.3/Pebble/lib/libpebble.a(tmpAGzHFdpebble.o)
 .text.persist_write_int
                0x0000000000000000        0xc /Users/steve/pebble-dev/PebbleSDK-2.3/Pebble/lib/libpebble.a(tmpAGzHFdpebble.o)
 .text.persist_write_string
                0x0000000000000000        0xc /Users/steve/pebble-dev/PebbleSDK-2.3/Pebble/lib/libpebble.a(tmpAGzHFdpebble.o)
 .text.property_animation_create
                0x0000000000000000        0xc /Users/steve/pebble-dev/PebbleSDK-2.3/Pebble/lib/libpebble.a(tmpAGzHFdpebble.o)
 .text.property_animation_create_layer_frame
                0x0000000000000000        0xc /Users/steve/pebble-dev/PebbleSDK-2.3/Pebble/lib/libpebble.a(tmpAGzHFdpebble.o)
 .text.property_animation_destroy
                0x0000000000000000        0xc /Users/steve/pebble-dev/PebbleSDK-2.3/Pebble/lib/libpebble.a(tmpAGzHFdpebble.o)
 .text.property_animation_update_gpoint
                0x0000000000000000        0xc /Users/steve/pebble-dev/PebbleSDK-2.3/Pebble/lib/libpebble.a(tmpAGzHFdpebble.o)
 .text.property_animation_update_grect
                0x0000000000000000        0xc /Users/steve/pebble-dev/PebbleSDK-2.3/Pebble/lib/libpebble.a(tmpAGzHFdpebble.o)
 .text.property_animation_update_int16
                0x0000000000000000        0xc /Users/steve/pebble-dev/PebbleSDK-2.3/Pebble/lib/libpebble.a(tmpAGzHFdpebble.o)
 .text.psleep   0x0000000000000000        0xc /Users/steve/pebble-dev/PebbleSDK-2.3/Pebble/lib/libpebble.a(tmpAGzHFdpebble.o)
 .text.rand     0x0000000000000000        0xc /Users/steve/pebble-dev/PebbleSDK-2.3/Pebble/lib/libpebble.a(tmpAGzHFdpebble.o)
 .text.resource_get_handle
                0x0000000000000000        0xc /Users/steve/pebble-dev/PebbleSDK-2.3/Pebble/lib/libpebble.a(tmpAGzHFdpebble.o)
 .text.resource_load
                0x0000000000000000        0xc /Users/steve/pebble-dev/PebbleSDK-2.3/Pebble/lib/libpebble.a(tmpAGzHFdpebble.o)
 .text.resource_load_byte_range
                0x0000000000000000        0xc /Users/steve/pebble-dev/PebbleSDK-2.3/Pebble/lib/libpebble.a(tmpAGzHFdpebble.o)
 .text.resource_size
                0x0000000000000000        0xc /Users/steve/pebble-dev/PebbleSDK-2.3/Pebble/lib/libpebble.a(tmpAGzHFdpebble.o)
 .text.rot_bitmap_layer_create
                0x0000000000000000        0xc /Users/steve/pebble-dev/PebbleSDK-2.3/Pebble/lib/libpebble.a(tmpAGzHFdpebble.o)
 .text.rot_bitmap_layer_destroy
                0x0000000000000000        0xc /Users/steve/pebble-dev/PebbleSDK-2.3/Pebble/lib/libpebble.a(tmpAGzHFdpebble.o)
 .text.rot_bitmap_layer_increment_angle
                0x0000000000000000        0xc /Users/steve/pebble-dev/PebbleSDK-2.3/Pebble/lib/libpebble.a(tmpAGzHFdpebble.o)
 .text.rot_bitmap_layer_set_angle
                0x0000000000000000        0xc /Users/steve/pebble-dev/PebbleSDK-2.3/Pebble/lib/libpebble.a(tmpAGzHFdpebble.o)
 .text.rot_bitmap_layer_set_corner_clip_color
                0x0000000000000000        0xc /Users/steve/pebble-dev/PebbleSDK-2.3/Pebble/lib/libpebble.a(tmpAGzHFdpebble.o)
 .text.rot_bitmap_set_compositing_mode
                0x0000000000000000        0xc /Users/steve/pebble-dev/PebbleSDK-2.3/Pebble/lib/libpebble.a(tmpAGzHFdpebble.o)
 .text.rot_bitmap_set_src_ic
                0x0000000000000000        0xc /Users/steve/pebble-dev/PebbleSDK-2.3/Pebble/lib/libpebble.a(tmpAGzHFdpebble.o)
 .text.scroll_layer_add_child
                0x0000000000000000        0xc /Users/steve/pebble-dev/PebbleSDK-2.3/Pebble/lib/libpebble.a(tmpAGzHFdpebble.o)
 .text.scroll_layer_create
                0x0000000000000000        0xc /Users/steve/pebble-dev/PebbleSDK-2.3/Pebble/lib/libpebble.a(tmpAGzHFdpebble.o)
 .text.scroll_layer_destroy
                0x0000000000000000        0xc /Users/steve/pebble-dev/PebbleSDK-2.3/Pebble/lib/libpebble.a(tmpAGzHFdpebble.o)
 .text.scroll_layer_get_content_offset
                0x0000000000000000        0xc /Users/steve/pebble-dev/PebbleSDK-2.3/Pebble/lib/libpebble.a(tmpAGzHFdpebble.o)
 .text.scroll_layer_get_content_size
                0x0000000000000000        0xc /Users/steve/pebble-dev/PebbleSDK-2.3/Pebble/lib/libpebble.a(tmpAGzHFdpebble.o)
 .text.scroll_layer_get_layer
                0x0000000000000000        0xc /Users/steve/pebble-dev/PebbleSDK-2.3/Pebble/lib/libpebble.a(tmpAGzHFdpebble.o)
 .text.scroll_layer_get_shadow_hidden
                0x0000000000000000        0xc /Users/steve/pebble-dev/PebbleSDK-2.3/Pebble/lib/libpebble.a(tmpAGzHFdpebble.o)
 .text.scroll_layer_scroll_down_click_handler
                0x0000000000000000        0xc /Users/steve/pebble-dev/PebbleSDK-2.3/Pebble/lib/libpebble.a(tmpAGzHFdpebble.o)
 .text.scroll_layer_scroll_up_click_handler
                0x0000000000000000        0xc /Users/steve/pebble-dev/PebbleSDK-2.3/Pebble/lib/libpebble.a(tmpAGzHFdpebble.o)
 .text.scroll_layer_set_callbacks
                0x0000000000000000        0xc /Users/steve/pebble-dev/PebbleSDK-2.3/Pebble/lib/libpebble.a(tmpAGzHFdpebble.o)
 .text.scroll_layer_set_click_config_onto_window
                0x0000000000000000        0xc /Users/steve/pebble-dev/PebbleSDK-2.3/Pebble/lib/libpebble.a(tmpAGzHFdpebble.o)
 .text.scroll_layer_set_content_offset
                0x0000000000000000        0xc /Users/steve/pebble-dev/PebbleSDK-2.3/Pebble/lib/libpebble.a(tmpAGzHFdpebble.o)
 .text.scroll_layer_set_content_size
                0x0000000000000000        0xc /Users/steve/pebble-dev/PebbleSDK-2.3/Pebble/lib/libpebble.a(tmpAGzHFdpebble.o)
 .text.scroll_layer_set_context
                0x0000000000000000        0xc /Users/steve/pebble-dev/PebbleSDK-2.3/Pebble/lib/libpebble.a(tmpAGzHFdpebble.o)
 .text.scroll_layer_set_frame
                0x0000000000000000        0xc /Users/steve/pebble-dev/PebbleSDK-2.3/Pebble/lib/libpebble.a(tmpAGzHFdpebble.o)
 .text.scroll_layer_set_shadow_hidden
                0x0000000000000000        0xc /Users/steve/pebble-dev/PebbleSDK-2.3/Pebble/lib/libpebble.a(tmpAGzHFdpebble.o)
 .text.simple_menu_layer_create
                0x0000000000000000        0xc /Users/steve/pebble-dev/PebbleSDK-2.3/Pebble/lib/libpebble.a(tmpAGzHFdpebble.o)
 .text.simple_menu_layer_destroy
                0x0000000000000000        0xc /Users/steve/pebble-dev/PebbleSDK-2.3/Pebble/lib/libpebble.a(tmpAGzHFdpebble.o)
 .text.simple_menu_layer_get_layer
                0x0000000000000000        0xc /Users/steve/pebble-dev/PebbleSDK-2.3/Pebble/lib/libpebble.a(tmpAGzHFdpebble.o)
 .text.simple_menu_layer_get_selected_index
                0x0000000000000000        0xc /Users/steve/pebble-dev/PebbleSDK-2.3/Pebble/lib/libpebble.a(tmpAGzHFdpebble.o)
 .text.simple_menu_layer_set_selected_index
                0x0000000000000000        0xc /Users/steve/pebble-dev/PebbleSDK-2.3/Pebble/lib/libpebble.a(tmpAGzHFdpebble.o)
 .text.sin_lookup
                0x0000000000000000        0xc /Users/steve/pebble-dev/PebbleSDK-2.3/Pebble/lib/libpebble.a(tmpAGzHFdpebble.o)
 .text.srand    0x0000000000000000        0xc /Users/steve/pebble-dev/PebbleSDK-2.3/Pebble/lib/libpebble.a(tmpAGzHFdpebble.o)
 .text.strcat   0x0000000000000000        0xc /Users/steve/pebble-dev/PebbleSDK-2.3/Pebble/lib/libpebble.a(tmpAGzHFdpebble.o)
 .text.strcmp   0x0000000000000000        0xc /Users/steve/pebble-dev/PebbleSDK-2.3/Pebble/lib/libpebble.a(tmpAGzHFdpebble.o)
 .text.strftime
                0x0000000000000000        0xc /Users/steve/pebble-dev/PebbleSDK-2.3/Pebble/lib/libpebble.a(tmpAGzHFdpebble.o)
 .text.strncat  0x0000000000000000        0xc /Users/steve/pebble-dev/PebbleSDK-2.3/Pebble/lib/libpebble.a(tmpAGzHFdpebble.o)
 .text.strncmp  0x0000000000000000        0xc /Users/steve/pebble-dev/PebbleSDK-2.3/Pebble/lib/libpebble.a(tmpAGzHFdpebble.o)
 .text.text_layer_get_content_size
                0x0000000000000000        0xc /Users/steve/pebble-dev/PebbleSDK-2.3/Pebble/lib/libpebble.a(tmpAGzHFdpebble.o)
 .text.text_layer_get_text
                0x0000000000000000        0xc /Users/steve/pebble-dev/PebbleSDK-2.3/Pebble/lib/libpebble.a(tmpAGzHFdpebble.o)
 .text.text_layer_set_background_color
                0x0000000000000000        0xc /Users/steve/pebble-dev/PebbleSDK-2.3/Pebble/lib/libpebble.a(tmpAGzHFdpebble.o)
 .text.text_layer_set_overflow_mode
                0x0000000000000000        0xc /Users/steve/pebble-dev/PebbleSDK-2.3/Pebble/lib/libpebble.a(tmpAGzHFdpebble.o)
 .text.text_layer_set_size
                0x0000000000000000        0xc /Users/steve/pebble-dev/PebbleSDK-2.3/Pebble/lib/libpebble.a(tmpAGzHFdpebble.o)
 .text.text_layer_set_text_color
                0x0000000000000000        0xc /Users/steve/pebble-dev/PebbleSDK-2.3/Pebble/lib/libpebble.a(tmpAGzHFdpebble.o)
 .text.tick_timer_service_subscribe
                0x0000000000000000        0xc /Users/steve/pebble-dev/PebbleSDK-2.3/Pebble/lib/libpebble.a(tmpAGzHFdpebble.o)
 .text.tick_timer_service_unsubscribe
                0x0000000000000000        0xc /Users/steve/pebble-dev/PebbleSDK-2.3/Pebble/lib/libpebble.a(tmpAGzHFdpebble.o)
 .text.vibes_cancel
                0x0000000000000000        0xc /Users/steve/pebble-dev/PebbleSDK-2.3/Pebble/lib/libpebble.a(tmpAGzHFdpebble.o)
 .text.vibes_double_pulse
                0x0000000000000000        0xc /Users/steve/pebble-dev/PebbleSDK-2.3/Pebble/lib/libpebble.a(tmpAGzHFdpebble.o)
 .text.vibes_enqueue_custom_pattern
                0x0000000000000000        0xc /Users/steve/pebble-dev/PebbleSDK-2.3/Pebble/lib/libpebble.a(tmpAGzHFdpebble.o)
 .text.vibes_long_pulse
                0x0000000000000000        0xc /Users/steve/pebble-dev/PebbleSDK-2.3/Pebble/lib/libpebble.a(tmpAGzHFdpebble.o)
 .text.vibes_short_pulse
                0x0000000000000000        0xc /Users/steve/pebble-dev/PebbleSDK-2.3/Pebble/lib/libpebble.a(tmpAGzHFdpebble.o)
 .text.window_get_click_config_provider
                0x0000000000000000        0xc /Users/steve/pebble-dev/PebbleSDK-2.3/Pebble/lib/libpebble.a(tmpAGzHFdpebble.o)
 .text.window_get_fullscreen
                0x0000000000000000        0xc /Users/steve/pebble-dev/PebbleSDK-2.3/Pebble/lib/libpebble.a(tmpAGzHFdpebble.o)
 .text.window_is_loaded
                0x0000000000000000        0xc /Users/steve/pebble-dev/PebbleSDK-2.3/Pebble/lib/libpebble.a(tmpAGzHFdpebble.o)
 .text.window_set_background_color
                0x0000000000000000        0xc /Users/steve/pebble-dev/PebbleSDK-2.3/Pebble/lib/libpebble.a(tmpAGzHFdpebble.o)
 .text.window_set_click_config_provider
                0x0000000000000000        0xc /Users/steve/pebble-dev/PebbleSDK-2.3/Pebble/lib/libpebble.a(tmpAGzHFdpebble.o)
 .text.window_set_click_config_provider_with_context
                0x0000000000000000        0xc /Users/steve/pebble-dev/PebbleSDK-2.3/Pebble/lib/libpebble.a(tmpAGzHFdpebble.o)
 .text.window_set_fullscreen
                0x0000000000000000        0xc /Users/steve/pebble-dev/PebbleSDK-2.3/Pebble/lib/libpebble.a(tmpAGzHFdpebble.o)
 .text.window_set_status_bar_icon
                0x0000000000000000        0xc /Users/steve/pebble-dev/PebbleSDK-2.3/Pebble/lib/libpebble.a(tmpAGzHFdpebble.o)
 .text.window_stack_contains_window
                0x0000000000000000        0xc /Users/steve/pebble-dev/PebbleSDK-2.3/Pebble/lib/libpebble.a(tmpAGzHFdpebble.o)
 .text.window_stack_get_top_window
                0x0000000000000000        0xc /Users/steve/pebble-dev/PebbleSDK-2.3/Pebble/lib/libpebble.a(tmpAGzHFdpebble.o)
 .text.window_stack_pop
                0x0000000000000000        0xc /Users/steve/pebble-dev/PebbleSDK-2.3/Pebble/lib/libpebble.a(tmpAGzHFdpebble.o)
 .text.window_stack_pop_all
                0x0000000000000000        0xc /Users/steve/pebble-dev/PebbleSDK-2.3/Pebble/lib/libpebble.a(tmpAGzHFdpebble.o)
 .text.window_stack_remove
                0x0000000000000000        0xc /Users/steve/pebble-dev/PebbleSDK-2.3/Pebble/lib/libpebble.a(tmpAGzHFdpebble.o)
 .text.app_focus_service_subscribe
                0x0000000000000000        0xc /Users/steve/pebble-dev/PebbleSDK-2.3/Pebble/lib/libpebble.a(tmpAGzHFdpebble.o)
 .text.app_focus_service_unsubscribe
                0x0000000000000000        0xc /Users/steve/pebble-dev/PebbleSDK-2.3/Pebble/lib/libpebble.a(tmpAGzHFdpebble.o)
 .text.window_get_user_data
                0x0000000000000000        0xc /Users/steve/pebble-dev/PebbleSDK-2.3/Pebble/lib/libpebble.a(tmpAGzHFdpebble.o)
 .text.window_set_user_data
                0x0000000000000000        0xc /Users/steve/pebble-dev/PebbleSDK-2.3/Pebble/lib/libpebble.a(tmpAGzHFdpebble.o)
 .text.app_message_get_context
                0x0000000000000000        0xc /Users/steve/pebble-dev/PebbleSDK-2.3/Pebble/lib/libpebble.a(tmpAGzHFdpebble.o)
 .text.app_message_inbox_size_maximum
                0x0000000000000000        0xc /Users/steve/pebble-dev/PebbleSDK-2.3/Pebble/lib/libpebble.a(tmpAGzHFdpebble.o)
 .text.app_message_outbox_size_maximum
                0x0000000000000000        0xc /Users/steve/pebble-dev/PebbleSDK-2.3/Pebble/lib/libpebble.a(tmpAGzHFdpebble.o)
 .text.app_message_register_inbox_dropped
                0x0000000000000000        0xc /Users/steve/pebble-dev/PebbleSDK-2.3/Pebble/lib/libpebble.a(tmpAGzHFdpebble.o)
 .text.app_message_register_inbox_received
                0x0000000000000000        0xc /Users/steve/pebble-dev/PebbleSDK-2.3/Pebble/lib/libpebble.a(tmpAGzHFdpebble.o)
 .text.app_message_set_context
                0x0000000000000000        0xc /Users/steve/pebble-dev/PebbleSDK-2.3/Pebble/lib/libpebble.a(tmpAGzHFdpebble.o)
 .text.window_multi_click_subscribe
                0x0000000000000000        0xc /Users/steve/pebble-dev/PebbleSDK-2.3/Pebble/lib/libpebble.a(tmpAGzHFdpebble.o)
 .text.window_raw_click_subscribe
                0x0000000000000000        0xc /Users/steve/pebble-dev/PebbleSDK-2.3/Pebble/lib/libpebble.a(tmpAGzHFdpebble.o)
 .text.window_set_click_context
                0x0000000000000000        0xc /Users/steve/pebble-dev/PebbleSDK-2.3/Pebble/lib/libpebble.a(tmpAGzHFdpebble.o)
 .text.window_single_repeating_click_subscribe
                0x0000000000000000        0xc /Users/steve/pebble-dev/PebbleSDK-2.3/Pebble/lib/libpebble.a(tmpAGzHFdpebble.o)
 .text.graphics_draw_text
                0x0000000000000000        0xc /Users/steve/pebble-dev/PebbleSDK-2.3/Pebble/lib/libpebble.a(tmpAGzHFdpebble.o)
 .text.dict_serialize_tuplets_to_buffer
                0x0000000000000000        0xc /Users/steve/pebble-dev/PebbleSDK-2.3/Pebble/lib/libpebble.a(tmpAGzHFdpebble.o)
 .text.persist_read_data
                0x0000000000000000        0xc /Users/steve/pebble-dev/PebbleSDK-2.3/Pebble/lib/libpebble.a(tmpAGzHFdpebble.o)
 .text.persist_read_string
                0x0000000000000000        0xc /Users/steve/pebble-dev/PebbleSDK-2.3/Pebble/lib/libpebble.a(tmpAGzHFdpebble.o)
 .text.persist_write_data
                0x0000000000000000        0xc /Users/steve/pebble-dev/PebbleSDK-2.3/Pebble/lib/libpebble.a(tmpAGzHFdpebble.o)
 .text.dict_size
                0x0000000000000000        0xc /Users/steve/pebble-dev/PebbleSDK-2.3/Pebble/lib/libpebble.a(tmpAGzHFdpebble.o)
 .text.graphics_text_layout_get_content_size
                0x0000000000000000        0xc /Users/steve/pebble-dev/PebbleSDK-2.3/Pebble/lib/libpebble.a(tmpAGzHFdpebble.o)
 .text.simple_menu_layer_get_menu_layer
                0x0000000000000000        0xc /Users/steve/pebble-dev/PebbleSDK-2.3/Pebble/lib/libpebble.a(tmpAGzHFdpebble.o)
 .text.calloc   0x0000000000000000        0xc /Users/steve/pebble-dev/PebbleSDK-2.3/Pebble/lib/libpebble.a(tmpAGzHFdpebble.o)
 .text.bitmap_layer_get_bitmap
                0x0000000000000000        0xc /Users/steve/pebble-dev/PebbleSDK-2.3/Pebble/lib/libpebble.a(tmpAGzHFdpebble.o)
 .text.menu_layer_set_callbacks
                0x0000000000000000        0xc /Users/steve/pebble-dev/PebbleSDK-2.3/Pebble/lib/libpebble.a(tmpAGzHFdpebble.o)
 .text.window_get_click_config_context
                0x0000000000000000        0xc /Users/steve/pebble-dev/PebbleSDK-2.3/Pebble/lib/libpebble.a(tmpAGzHFdpebble.o)
 .text          0x0000000000000000        0x0 /Users/steve/pebble-dev/PebbleSDK-2.3/arm-cs-tools/bin/../lib/gcc/arm-none-eabi/4.7.2/thumb2/crtend.o
 .bss           0x0000000000000000        0x0 /Users/steve/pebble-dev/PebbleSDK-2.3/arm-cs-tools/bin/../lib/gcc/arm-none-eabi/4.7.2/thumb2/crtend.o
 .eh_frame      0x0000000000000000        0x4 /Users/steve/pebble-dev/PebbleSDK-2.3/arm-cs-tools/bin/../lib/gcc/arm-none-eabi/4.7.2/thumb2/crtend.o
 .jcr           0x0000000000000000        0x4 /Users/steve/pebble-dev/PebbleSDK-2.3/arm-cs-tools/bin/../lib/gcc/arm-none-eabi/4.7.2/thumb2/crtend.o
 .tm_clone_table
                0x0000000000000000        0x0 /Users/steve/pebble-dev/PebbleSDK-2.3/arm-cs-tools/bin/../lib/gcc/arm-none-eabi/4.7.2/thumb2/crtend.o
 .text          0x0000000000000000        0x0 /Users/steve/pebble-dev/PebbleSDK-2.3/arm-cs-tools/bin/../lib/gcc/arm-none-eabi/4.7.2/thumb2/crtn.o
 .bss           0x0000000000000000        0x0 /Users/steve/pebble-dev/PebbleSDK-2.3/arm-cs-tools/bin/../lib/gcc/arm-none-eabi/4.7.2/thumb2/crtn.o
 .init          0x0000000000000000        0x8 /Users/steve/pebble-dev/PebbleSDK-2.3/arm-cs-tools/bin/../lib/gcc/arm-none-eabi/4.7.2/thumb2/crtn.o
 .fini          0x0000000000000000        0x8 /Users/steve/pebble-dev/PebbleSDK-2.3/arm-cs-tools/bin/../lib/gcc/arm-none-eabi/4.7.2/thumb2/crtn.o

Memory Configuration

Name             Origin             Length             Attributes
APP              0x0000000000000000 0x0000000000006000 xrw
*default*        0x0000000000000000 0xffffffffffffffff

Linker script and memory map

LOAD /Users/steve/pebble-dev/PebbleSDK-2.3/arm-cs-tools/bin/../lib/gcc/arm-none-eabi/4.7.2/thumb2/crti.o
LOAD /Users/steve/pebble-dev/PebbleSDK-2.3/arm-cs-tools/bin/../lib/gcc/arm-none-eabi/4.7.2/thumb2/crtbegin.o
LOAD src/ocean-survey-demo.c.10.o
LOAD src/strap/strap.c.10.o
LOAD appinfo.auto.c.10.o
LOAD /Users/steve/pebble-dev/PebbleSDK-2.3/Pebble/lib/libpebble.a
START GROUP
LOAD /Users/steve/pebble-dev/PebbleSDK-2.3/arm-cs-tools/bin/../lib/gcc/arm-none-eabi/4.7.2/thumb2/libgcc.a
LOAD /Users/steve/pebble-dev/PebbleSDK-2.3/arm-cs-tools/bin/../lib/gcc/arm-none-eabi/4.7.2/../../../../arm-none-eabi/lib/thumb2/libc.a
END GROUP
LOAD /Users/steve/pebble-dev/PebbleSDK-2.3/arm-cs-tools/bin/../lib/gcc/arm-none-eabi/4.7.2/thumb2/crtend.o
LOAD /Users/steve/pebble-dev/PebbleSDK-2.3/arm-cs-tools/bin/../lib/gcc/arm-none-eabi/4.7.2/thumb2/crtn.o

.header         0x0000000000000000       0x82
 *(.pbl_header)
 .pbl_header    0x0000000000000000       0x82 appinfo.auto.c.10.o
                0x0000000000000000                __pbl_app_info

.text           0x0000000000000084      0xd76
 *(.text)
 .text          0x0000000000000084       0x14 /Users/steve/pebble-dev/PebbleSDK-2.3/Pebble/lib/libpebble.a(tmpAGzHFdpebble.o)
 *(.text.*)
 .text.on_window_unload
                0x0000000000000098       0x50 src/ocean-survey-demo.c.10.o
                0x0000000000000098                on_window_unload
 .text.select_long_click_handler
                0x00000000000000e8       0x68 src/ocean-survey-demo.c.10.o
 .text.on_window_load
                0x0000000000000150      0x144 src/ocean-survey-demo.c.10.o
                0x0000000000000150                on_window_load
 .text.config_provider
                0x0000000000000294       0x44 src/ocean-survey-demo.c.10.o
 .text.count_animal
                0x00000000000002d8       0x40 src/ocean-survey-demo.c.10.o
 .text.down_click_handler
                0x0000000000000318       0x20 src/ocean-survey-demo.c.10.o
 .text.up_click_handler
                0x0000000000000338       0x20 src/ocean-survey-demo.c.10.o
 .text.select_click_handler
                0x0000000000000358       0x20 src/ocean-survey-demo.c.10.o
 .text.startup.main
                0x0000000000000378       0x58 src/ocean-survey-demo.c.10.o
                0x0000000000000378                main
 .text.accl_new_data
                0x00000000000003d0       0x60 src/strap/strap.c.10.o
 .text.log_action
                0x0000000000000430       0x90 src/strap/strap.c.10.o
 .text.app_timer_accl_stop
                0x00000000000004c0       0x70 src/strap/strap.c.10.o
 .text.app_timer_battery
                0x0000000000000530       0x98 src/strap/strap.c.10.o
 .text.send_accl_data_core.isra.0
                0x00000000000005c8      0x334 src/strap/strap.c.10.o
 .text.app_timer_accl_start
                0x00000000000008fc       0x6c src/strap/strap.c.10.o
 .text.send_accl_data
                0x0000000000000968       0x10 src/strap/strap.c.10.o
 .text.send_next_log.isra.1
                0x0000000000000978       0x68 src/strap/strap.c.10.o
 .text.strap_out_sent_handler
                0x00000000000009e0       0x28 src/strap/strap.c.10.o
                0x00000000000009e0                strap_out_sent_handler
 .text.strap_out_failed_handler
                0x0000000000000a08       0x28 src/strap/strap.c.10.o
                0x0000000000000a08                strap_out_failed_handler
 .text.strap_deinit
                0x0000000000000a30       0x18 src/strap/strap.c.10.o
                0x0000000000000a30                strap_deinit
 .text.strap_log_event
                0x0000000000000a48        0x4 src/strap/strap.c.10.o
                0x0000000000000a48                strap_log_event
 .text.strap_set_activity
                0x0000000000000a4c       0x10 src/strap/strap.c.10.o
                0x0000000000000a4c                strap_set_activity
 .text.strap_init
                0x0000000000000a5c       0xa0 src/strap/strap.c.10.o
                0x0000000000000a5c                strap_init
 .text.accel_data_service_unsubscribe
                0x0000000000000afc        0xc /Users/steve/pebble-dev/PebbleSDK-2.3/Pebble/lib/libpebble.a(tmpAGzHFdpebble.o)
                0x0000000000000afc                accel_data_service_unsubscribe
 .text.accel_service_set_sampling_rate
                0x0000000000000b08        0xc /Users/steve/pebble-dev/PebbleSDK-2.3/Pebble/lib/libpebble.a(tmpAGzHFdpebble.o)
                0x0000000000000b08                accel_service_set_sampling_rate
 .text.action_bar_layer_add_to_window
                0x0000000000000b14        0xc /Users/steve/pebble-dev/PebbleSDK-2.3/Pebble/lib/libpebble.a(tmpAGzHFdpebble.o)
                0x0000000000000b14                action_bar_layer_add_to_window
 .text.action_bar_layer_create
                0x0000000000000b20        0xc /Users/steve/pebble-dev/PebbleSDK-2.3/Pebble/lib/libpebble.a(tmpAGzHFdpebble.o)
                0x0000000000000b20                action_bar_layer_create
 .text.action_bar_layer_destroy
                0x0000000000000b2c        0xc /Users/steve/pebble-dev/PebbleSDK-2.3/Pebble/lib/libpebble.a(tmpAGzHFdpebble.o)
                0x0000000000000b2c                action_bar_layer_destroy
 .text.action_bar_layer_set_click_config_provider
                0x0000000000000b38        0xc /Users/steve/pebble-dev/PebbleSDK-2.3/Pebble/lib/libpebble.a(tmpAGzHFdpebble.o)
                0x0000000000000b38                action_bar_layer_set_click_config_provider
 .text.action_bar_layer_set_icon
                0x0000000000000b44        0xc /Users/steve/pebble-dev/PebbleSDK-2.3/Pebble/lib/libpebble.a(tmpAGzHFdpebble.o)
                0x0000000000000b44                action_bar_layer_set_icon
 .text.app_event_loop
                0x0000000000000b50        0xc /Users/steve/pebble-dev/PebbleSDK-2.3/Pebble/lib/libpebble.a(tmpAGzHFdpebble.o)
                0x0000000000000b50                app_event_loop
 .text.app_timer_cancel
                0x0000000000000b5c        0xc /Users/steve/pebble-dev/PebbleSDK-2.3/Pebble/lib/libpebble.a(tmpAGzHFdpebble.o)
                0x0000000000000b5c                app_timer_cancel
 .text.app_timer_register
                0x0000000000000b68        0xc /Users/steve/pebble-dev/PebbleSDK-2.3/Pebble/lib/libpebble.a(tmpAGzHFdpebble.o)
                0x0000000000000b68                app_timer_register
 .text.app_timer_reschedule
                0x0000000000000b74        0xc /Users/steve/pebble-dev/PebbleSDK-2.3/Pebble/lib/libpebble.a(tmpAGzHFdpebble.o)
                0x0000000000000b74                app_timer_reschedule
 .text.battery_state_service_peek
                0x0000000000000b80        0xc /Users/steve/pebble-dev/PebbleSDK-2.3/Pebble/lib/libpebble.a(tmpAGzHFdpebble.o)
                0x0000000000000b80                battery_state_service_peek
 .text.bluetooth_connection_service_peek
                0x0000000000000b8c        0xc /Users/steve/pebble-dev/PebbleSDK-2.3/Pebble/lib/libpebble.a(tmpAGzHFdpebble.o)
                0x0000000000000b8c                bluetooth_connection_service_peek
 .text.data_logging_create
                0x0000000000000b98        0xc /Users/steve/pebble-dev/PebbleSDK-2.3/Pebble/lib/libpebble.a(tmpAGzHFdpebble.o)
                0x0000000000000b98                data_logging_create
 .text.data_logging_finish
                0x0000000000000ba4        0xc /Users/steve/pebble-dev/PebbleSDK-2.3/Pebble/lib/libpebble.a(tmpAGzHFdpebble.o)
                0x0000000000000ba4                data_logging_finish
 .text.data_logging_log
                0x0000000000000bb0        0xc /Users/steve/pebble-dev/PebbleSDK-2.3/Pebble/lib/libpebble.a(tmpAGzHFdpebble.o)
                0x0000000000000bb0                data_logging_log
 .text.dict_write_end
                0x0000000000000bbc        0xc /Users/steve/pebble-dev/PebbleSDK-2.3/Pebble/lib/libpebble.a(tmpAGzHFdpebble.o)
                0x0000000000000bbc                dict_write_end
 .text.dict_write_tuplet
                0x0000000000000bc8        0xc /Users/steve/pebble-dev/PebbleSDK-2.3/Pebble/lib/libpebble.a(tmpAGzHFdpebble.o)
                0x0000000000000bc8                dict_write_tuplet
 .text.fonts_get_system_font
                0x0000000000000bd4        0xc /Users/steve/pebble-dev/PebbleSDK-2.3/Pebble/lib/libpebble.a(tmpAGzHFdpebble.o)
                0x0000000000000bd4                fonts_get_system_font
 .text.gbitmap_create_with_resource
                0x0000000000000be0        0xc /Users/steve/pebble-dev/PebbleSDK-2.3/Pebble/lib/libpebble.a(tmpAGzHFdpebble.o)
                0x0000000000000be0                gbitmap_create_with_resource
 .text.gbitmap_destroy
                0x0000000000000bec        0xc /Users/steve/pebble-dev/PebbleSDK-2.3/Pebble/lib/libpebble.a(tmpAGzHFdpebble.o)
                0x0000000000000bec                gbitmap_destroy
 .text.layer_add_child
                0x0000000000000bf8        0xc /Users/steve/pebble-dev/PebbleSDK-2.3/Pebble/lib/libpebble.a(tmpAGzHFdpebble.o)
                0x0000000000000bf8                layer_add_child
 .text.memset   0x0000000000000c04        0xc /Users/steve/pebble-dev/PebbleSDK-2.3/Pebble/lib/libpebble.a(tmpAGzHFdpebble.o)
                0x0000000000000c04                memset
 .text.snprintf
                0x0000000000000c10        0xc /Users/steve/pebble-dev/PebbleSDK-2.3/Pebble/lib/libpebble.a(tmpAGzHFdpebble.o)
                0x0000000000000c10                snprintf
 .text.strcpy   0x0000000000000c1c        0xc /Users/steve/pebble-dev/PebbleSDK-2.3/Pebble/lib/libpebble.a(tmpAGzHFdpebble.o)
                0x0000000000000c1c                strcpy
 .text.strlen   0x0000000000000c28        0xc /Users/steve/pebble-dev/PebbleSDK-2.3/Pebble/lib/libpebble.a(tmpAGzHFdpebble.o)
                0x0000000000000c28                strlen
 .text.strncpy  0x0000000000000c34        0xc /Users/steve/pebble-dev/PebbleSDK-2.3/Pebble/lib/libpebble.a(tmpAGzHFdpebble.o)
                0x0000000000000c34                strncpy
 .text.text_layer_create
                0x0000000000000c40        0xc /Users/steve/pebble-dev/PebbleSDK-2.3/Pebble/lib/libpebble.a(tmpAGzHFdpebble.o)
                0x0000000000000c40                text_layer_create
 .text.text_layer_destroy
                0x0000000000000c4c        0xc /Users/steve/pebble-dev/PebbleSDK-2.3/Pebble/lib/libpebble.a(tmpAGzHFdpebble.o)
                0x0000000000000c4c                text_layer_destroy
 .text.text_layer_get_layer
                0x0000000000000c58        0xc /Users/steve/pebble-dev/PebbleSDK-2.3/Pebble/lib/libpebble.a(tmpAGzHFdpebble.o)
                0x0000000000000c58                text_layer_get_layer
 .text.text_layer_set_font
                0x0000000000000c64        0xc /Users/steve/pebble-dev/PebbleSDK-2.3/Pebble/lib/libpebble.a(tmpAGzHFdpebble.o)
                0x0000000000000c64                text_layer_set_font
 .text.text_layer_set_text
                0x0000000000000c70        0xc /Users/steve/pebble-dev/PebbleSDK-2.3/Pebble/lib/libpebble.a(tmpAGzHFdpebble.o)
                0x0000000000000c70                text_layer_set_text
 .text.text_layer_set_text_alignment
                0x0000000000000c7c        0xc /Users/steve/pebble-dev/PebbleSDK-2.3/Pebble/lib/libpebble.a(tmpAGzHFdpebble.o)
                0x0000000000000c7c                text_layer_set_text_alignment
 .text.time     0x0000000000000c88        0xc /Users/steve/pebble-dev/PebbleSDK-2.3/Pebble/lib/libpebble.a(tmpAGzHFdpebble.o)
                0x0000000000000c88                time
 .text.time_ms  0x0000000000000c94        0xc /Users/steve/pebble-dev/PebbleSDK-2.3/Pebble/lib/libpebble.a(tmpAGzHFdpebble.o)
                0x0000000000000c94                time_ms
 .text.window_create
                0x0000000000000ca0        0xc /Users/steve/pebble-dev/PebbleSDK-2.3/Pebble/lib/libpebble.a(tmpAGzHFdpebble.o)
                0x0000000000000ca0                window_create
 .text.window_destroy
                0x0000000000000cac        0xc /Users/steve/pebble-dev/PebbleSDK-2.3/Pebble/lib/libpebble.a(tmpAGzHFdpebble.o)
                0x0000000000000cac                window_destroy
 .text.window_get_root_layer
                0x0000000000000cb8        0xc /Users/steve/pebble-dev/PebbleSDK-2.3/Pebble/lib/libpebble.a(tmpAGzHFdpebble.o)
                0x0000000000000cb8                window_get_root_layer
 .text.window_set_window_handlers
                0x0000000000000cc4        0xc /Users/steve/pebble-dev/PebbleSDK-2.3/Pebble/lib/libpebble.a(tmpAGzHFdpebble.o)
                0x0000000000000cc4                window_set_window_handlers
 .text.window_stack_push
                0x0000000000000cd0        0xc /Users/steve/pebble-dev/PebbleSDK-2.3/Pebble/lib/libpebble.a(tmpAGzHFdpebble.o)
                0x0000000000000cd0                window_stack_push
 .text.app_message_outbox_begin
                0x0000000000000cdc        0xc /Users/steve/pebble-dev/PebbleSDK-2.3/Pebble/lib/libpebble.a(tmpAGzHFdpebble.o)
                0x0000000000000cdc                app_message_outbox_begin
 .text.app_message_outbox_send
                0x0000000000000ce8        0xc /Users/steve/pebble-dev/PebbleSDK-2.3/Pebble/lib/libpebble.a(tmpAGzHFdpebble.o)
                0x0000000000000ce8                app_message_outbox_send
 .text.app_message_register_outbox_failed
                0x0000000000000cf4        0xc /Users/steve/pebble-dev/PebbleSDK-2.3/Pebble/lib/libpebble.a(tmpAGzHFdpebble.o)
                0x0000000000000cf4                app_message_register_outbox_failed
 .text.app_message_register_outbox_sent
                0x0000000000000d00        0xc /Users/steve/pebble-dev/PebbleSDK-2.3/Pebble/lib/libpebble.a(tmpAGzHFdpebble.o)
                0x0000000000000d00                app_message_register_outbox_sent
 .text.window_long_click_subscribe
                0x0000000000000d0c        0xc /Users/steve/pebble-dev/PebbleSDK-2.3/Pebble/lib/libpebble.a(tmpAGzHFdpebble.o)
                0x0000000000000d0c                window_long_click_subscribe
 .text.window_single_click_subscribe
                0x0000000000000d18        0xc /Users/steve/pebble-dev/PebbleSDK-2.3/Pebble/lib/libpebble.a(tmpAGzHFdpebble.o)
                0x0000000000000d18                window_single_click_subscribe
 .text.accel_data_service_subscribe
                0x0000000000000d24        0xc /Users/steve/pebble-dev/PebbleSDK-2.3/Pebble/lib/libpebble.a(tmpAGzHFdpebble.o)
                0x0000000000000d24                accel_data_service_subscribe
 *(.rodata)
 .rodata        0x0000000000000d30        0x8 src/ocean-survey-demo.c.10.o
 *(.rodata*)
 .rodata.ANIMAL_LOG_TAGS
                0x0000000000000d38        0xc src/ocean-survey-demo.c.10.o
 .rodata.RESOURCE_IDS
                0x0000000000000d44        0xc src/ocean-survey-demo.c.10.o
 .rodata.str1.1
                0x0000000000000d50       0x4f src/ocean-survey-demo.c.10.o
                                         0x52 (size before relaxing)
 *fill*         0x0000000000000d9f        0x1 
 .rodata.NUMBER_POSITIONS
                0x0000000000000da0       0x18 src/ocean-survey-demo.c.10.o
 .rodata.str1.1
                0x0000000000000db8       0x42 src/strap/strap.c.10.o
                                         0x43 (size before relaxing)

.glue_7         0x0000000000000dfc        0x0
 .glue_7        0x0000000000000000        0x0 linker stubs

.glue_7t        0x0000000000000dfc        0x0
 .glue_7t       0x0000000000000000        0x0 linker stubs

.vfp11_veneer   0x0000000000000dfc        0x0
 .vfp11_veneer  0x0000000000000000        0x0 linker stubs

.v4_bx          0x0000000000000dfc        0x0
 .v4_bx         0x0000000000000000        0x0 linker stubs

.iplt           0x0000000000000dfc        0x0
 .iplt          0x0000000000000000        0x0 /Users/steve/pebble-dev/PebbleSDK-2.3/arm-cs-tools/bin/../lib/gcc/arm-none-eabi/4.7.2/thumb2/crtbegin.o

.rel.dyn        0x0000000000000dfc        0x0
 .rel.iplt      0x0000000000000000        0x0 /Users/steve/pebble-dev/PebbleSDK-2.3/arm-cs-tools/bin/../lib/gcc/arm-none-eabi/4.7.2/thumb2/crtbegin.o

.data           0x0000000000000dfc        0x8
 *(.data)
 .data          0x0000000000000dfc        0x0 /Users/steve/pebble-dev/PebbleSDK-2.3/arm-cs-tools/bin/../lib/gcc/arm-none-eabi/4.7.2/thumb2/crti.o
 .data          0x0000000000000dfc        0x4 /Users/steve/pebble-dev/PebbleSDK-2.3/arm-cs-tools/bin/../lib/gcc/arm-none-eabi/4.7.2/thumb2/crtbegin.o
                0x0000000000000dfc                __dso_handle
 .data          0x0000000000000e00        0x0 src/ocean-survey-demo.c.10.o
 .data          0x0000000000000e00        0x0 src/strap/strap.c.10.o
 .data          0x0000000000000e00        0x0 appinfo.auto.c.10.o
 .data          0x0000000000000e00        0x0 /Users/steve/pebble-dev/PebbleSDK-2.3/Pebble/lib/libpebble.a(tmpAGzHFdpebble.o)
 .data          0x0000000000000e00        0x0 /Users/steve/pebble-dev/PebbleSDK-2.3/arm-cs-tools/bin/../lib/gcc/arm-none-eabi/4.7.2/thumb2/crtend.o
 .data          0x0000000000000e00        0x0 /Users/steve/pebble-dev/PebbleSDK-2.3/arm-cs-tools/bin/../lib/gcc/arm-none-eabi/4.7.2/thumb2/crtn.o
 *(.data.*)
 .data.curFreq  0x0000000000000e00        0x4 src/strap/strap.c.10.o

.igot.plt       0x0000000000000e04        0x0
 .igot.plt      0x0000000000000000        0x0 /Users/steve/pebble-dev/PebbleSDK-2.3/arm-cs-tools/bin/../lib/gcc/arm-none-eabi/4.7.2/thumb2/crtbegin.o

.bss            0x0000000000000e04      0x724
 *(.bss)
 *(.bss.*)
 .bss.window    0x0000000000000e04        0x4 src/ocean-survey-demo.c.10.o
 .bss.action_bar_layer
                0x0000000000000e08        0x4 src/ocean-survey-demo.c.10.o
 .bss.s_animal_datas
                0x0000000000000e0c       0x78 src/ocean-survey-demo.c.10.o
 .bss.intro_layer
                0x0000000000000e84        0x4 src/ocean-survey-demo.c.10.o
 .bss.acclStart
                0x0000000000000e88        0x4 src/strap/strap.c.10.o
 .bss.cur_activity
                0x0000000000000e8c        0xf src/strap/strap.c.10.o
 .bss.accl_data
                0x0000000000000e9b       0x96 src/strap/strap.c.10.o
 *fill*         0x0000000000000f31        0x3 
 .bss.acclStop  0x0000000000000f34        0x4 src/strap/strap.c.10.o
 .bss.report_accl
                0x0000000000000f38        0x4 src/strap/strap.c.10.o
 .bss.logqueue  0x0000000000000f3c      0x5dc src/strap/strap.c.10.o
 .bss.has_accl_data
                0x0000000000001518        0x1 src/strap/strap.c.10.o
 *fill*         0x0000000000001519        0x3 
 .bss.battTimer
                0x000000000000151c        0x4 src/strap/strap.c.10.o
 .bss.curLog    0x0000000000001520        0x4 src/strap/strap.c.10.o
 .bss.acclRetry
                0x0000000000001524        0x4 src/strap/strap.c.10.o

DISCARD
 libc.a(*)
 libm.a(*)
 libgcc.a(*)
 *(.eh_frame)
OUTPUT(/Users/steve/pebble-dev/PebbleSDK-2.3/Examples/data-logging-demo/ocean-survey-demo/build/pebble-app.elf elf32-littlearm)

.ARM.attributes
                0x0000000000000000       0x27
 .ARM.attributes
                0x0000000000000000       0x19 /Users/steve/pebble-dev/PebbleSDK-2.3/arm-cs-tools/bin/../lib/gcc/arm-none-eabi/4.7.2/thumb2/crti.o
 .ARM.attributes
                0x0000000000000019       0x29 /Users/steve/pebble-dev/PebbleSDK-2.3/arm-cs-tools/bin/../lib/gcc/arm-none-eabi/4.7.2/thumb2/crtbegin.o
 .ARM.attributes
                0x0000000000000042       0x33 src/ocean-survey-demo.c.10.o
 .ARM.attributes
                0x0000000000000075       0x33 src/strap/strap.c.10.o
 .ARM.attributes
                0x00000000000000a8       0x33 appinfo.auto.c.10.o
 .ARM.attributes
                0x00000000000000db       0x21 /Users/steve/pebble-dev/PebbleSDK-2.3/Pebble/lib/libpebble.a(tmpAGzHFdpebble.o)
 .ARM.attributes
                0x00000000000000fc       0x29 /Users/steve/pebble-dev/PebbleSDK-2.3/arm-cs-tools/bin/../lib/gcc/arm-none-eabi/4.7.2/thumb2/crtend.o
 .ARM.attributes
                0x0000000000000125       0x19 /Users/steve/pebble-dev/PebbleSDK-2.3/arm-cs-tools/bin/../lib/gcc/arm-none-eabi/4.7.2/thumb2/crtn.o

.comment        0x0000000000000000       0x4e
 .comment       0x0000000000000000       0x4e /Users/steve/pebble-dev/PebbleSDK-2.3/arm-cs-tools/bin/../lib/gcc/arm-none-eabi/4.7.2/thumb2/crtbegin.o
                                         0x4f (size before relaxing)
 .comment       0x0000000000000000       0x4f src/ocean-survey-demo.c.10.o
 .comment       0x0000000000000000       0x4f src/strap/strap.c.10.o
 .comment       0x0000000000000000       0x4f appinfo.auto.c.10.o
 .comment       0x0000000000000000       0x4f /Users/steve/pebble-dev/PebbleSDK-2.3/arm-cs-tools/bin/../lib/gcc/arm-none-eabi/4.7.2/thumb2/crtend.o

.debug_info     0x0000000000000000     0x264d
 .debug_info    0x0000000000000000      0xf3c src/ocean-survey-demo.c.10.o
 .debug_info    0x0000000000000f3c     0x13dd src/strap/strap.c.10.o
 .debug_info    0x0000000000002319      0x334 appinfo.auto.c.10.o

.debug_abbrev   0x0000000000000000      0x865
 .debug_abbrev  0x0000000000000000      0x370 src/ocean-survey-demo.c.10.o
 .debug_abbrev  0x0000000000000370      0x44a src/strap/strap.c.10.o
 .debug_abbrev  0x00000000000007ba       0xab appinfo.auto.c.10.o

.debug_loc      0x0000000000000000      0x898
 .debug_loc     0x0000000000000000      0x34d src/ocean-survey-demo.c.10.o
 .debug_loc     0x000000000000034d      0x54b src/strap/strap.c.10.o

.debug_aranges  0x0000000000000000      0x110
 .debug_aranges
                0x0000000000000000       0x60 src/ocean-survey-demo.c.10.o
 .debug_aranges
                0x0000000000000060       0x98 src/strap/strap.c.10.o
 .debug_aranges
                0x00000000000000f8       0x18 appinfo.auto.c.10.o

.debug_ranges   0x0000000000000000      0x220
 .debug_ranges  0x0000000000000000      0x128 src/ocean-survey-demo.c.10.o
 .debug_ranges  0x0000000000000128       0xf8 src/strap/strap.c.10.o

.debug_line     0x0000000000000000      0x9c6
 .debug_line    0x0000000000000000      0x3e6 src/ocean-survey-demo.c.10.o
 .debug_line    0x00000000000003e6      0x4c8 src/strap/strap.c.10.o
 .debug_line    0x00000000000008ae      0x118 appinfo.auto.c.10.o

.debug_str      0x0000000000000000     0x101b
 .debug_str     0x0000000000000000      0x7fd src/ocean-survey-demo.c.10.o
                                        0x897 (size before relaxing)
 .debug_str     0x00000000000007fd      0x6c8 src/strap/strap.c.10.o
                                        0x8a1 (size before relaxing)
 .debug_str     0x0000000000000ec5      0x156 appinfo.auto.c.10.o
                                        0x31b (size before relaxing)

.debug_frame    0x0000000000000000      0x2a8
 .debug_frame   0x0000000000000000      0x11c src/ocean-survey-demo.c.10.o
 .debug_frame   0x000000000000011c      0x18c src/strap/strap.c.10.o
